// Jest Snapshot v1, https://goo.gl/fbAQLP

exports[`AlertsTab it renders 1`] = `
<div
  className="container"
>
  <div
    className="page-section station"
  >
    <div
      className="page-section"
    >
      <div
        className="row"
      >
        <div
          className="col-xs-12 col-lg-3"
        >
          <h3
            className="h3"
          >
            Filter by type
          </h3>
          <div
            className="m-alerts__time-filters"
          >
            <div
              className="m-alerts__time-filter m-alerts__time-filter--selected"
              id="all"
              onClick={[Function]}
              onKeyPress={[Function]}
              role="button"
              tabIndex={0}
            >
              All Alerts
            </div>
            <div
              className="m-alerts__time-filter "
              id="current"
              onClick={[Function]}
              onKeyPress={[Function]}
              role="button"
              tabIndex={0}
            >
              Current Alerts
            </div>
            <div
              className="m-alerts__time-filter "
              id="upcoming"
              onClick={[Function]}
              onKeyPress={[Function]}
              role="button"
              tabIndex={0}
            >
              Planned Service Alerts
            </div>
          </div>
        </div>
        <div
          className="col-xs-12 col-lg-8 col-lg-offset-1"
        >
          <h2
            className="h2"
          >
            Alerts
          </h2>
          <div>
            <div
              className="callout"
            >
              No alerts
            </div>
          </div>
        </div>
      </div>
    </div>
  </div>
</div>
`;
