// Jest Snapshot v1, https://goo.gl/fbAQLP

exports[`it renders 1`] = `
<div
  className="m-tnm-sidebar__header"
>
  <div
    className="m-tnm-sidebar__header-title"
  >
    <h2>
      Nearby Routes
    </h2>
    <div
      className="m-tnm-sidebar__view-change"
      onClick={[Function]}
      onKeyPress={[Function]}
      role="button"
      tabIndex={0}
    >
      Change view
    </div>
  </div>
</div>
`;
